<?xml version="1.0" encoding="UTF-8"?>
<testsuites name="jest tests" tests="8" failures="0" errors="0" time="0.5">
  <testsuite name="CountryKit  " errors="0" failures="0" skipped="0" timestamp="2026-06-25T14:35:13" time="0.321" tests="8">
    <testcase classname="src\index.test.ts" name="CountryKit   countries() should return all countries" time="0.001">
    </testcase>
    <testcase classname="src\index.test.ts" name="CountryKit   countryByCode() should return the correct country" time="0.001">
    </testcase>
    <testcase classname="src\index.test.ts" name="CountryKit   countriesByCurrency() should return countries using given currency" time="0">
    </testcase>
    <testcase classname="src\index.test.ts" name="CountryKit   countriesByCurrency() should be case-insensitive" time="0.001">
    </testcase>
    <testcase classname="src\index.test.ts" name="CountryKit   filterByContinent() should return countries in the given continent" time="0.001">
    </testcase>
    <testcase classname="src\index.test.ts" name="CountryKit   filterByContinent() should be case-insensitive" time="0">
    </testcase>
    <testcase classname="src\index.test.ts" name="CountryKit   filterByLanguages() should return countries speaking the given language" time="0.001">
    </testcase>
    <testcase classname="src\index.test.ts" name="CountryKit   filterByLanguages() should be case-insensitive" time="0">
    </testcase>
  </testsuite>
</testsuites>